[0.012s] Invoking command in '/home/dung/ros_ws/build/my_robot_description': /usr/bin/cmake --build /home/dung/ros_ws/build/my_robot_description -- -j6 -l6
[0.032s] -- Found ament_cmake: 1.3.11 (/opt/ros/humble/share/ament_cmake/cmake)
[0.171s] Error parsing '/home/dung/ros_ws/src/my_robot_description/package.xml':
[0.205s] Traceback (most recent call last):
[0.205s]   File "/usr/lib/python3/dist-packages/catkin_pkg/package.py", line 610, in parse_package_string
[0.207s]     root = dom.parseString(data)
[0.207s]   File "/usr/lib/python3.10/xml/dom/minidom.py", line 2000, in parseString
[0.208s]     return expatbuilder.parseString(string)
[0.208s]   File "/usr/lib/python3.10/xml/dom/expatbuilder.py", line 925, in parseString
[0.208s]     return builder.parseString(string)
[0.208s]   File "/usr/lib/python3.10/xml/dom/expatbuilder.py", line 223, in parseString
[0.209s]     parser.Parse(string, True)
[0.209s] xml.parsers.expat.ExpatError: mismatched tag: line 27, column 2
[0.209s] 
[0.209s] During handling of the above exception, another exception occurred:
[0.209s] 
[0.209s] Traceback (most recent call last):
[0.209s]   File "/opt/ros/humble/share/ament_cmake_core/cmake/core/package_xml_2_cmake.py", line 150, in <module>
[0.209s]     main()
[0.209s]   File "/opt/ros/humble/share/ament_cmake_core/cmake/core/package_xml_2_cmake.py", line 53, in main
[0.210s]     raise e
[0.210s]   File "/opt/ros/humble/share/ament_cmake_core/cmake/core/package_xml_2_cmake.py", line 49, in main
[0.210s]     package = parse_package_string(
[0.210s]   File "/usr/lib/python3/dist-packages/catkin_pkg/package.py", line 612, in parse_package_string
[0.210s]     raise InvalidPackage('The manifest contains invalid XML:\n%s' % ex, filename)
[0.210s] catkin_pkg.package.InvalidPackage: Error(s) in package '/home/dung/ros_ws/src/my_robot_description/package.xml':
[0.211s] The manifest contains invalid XML:
[0.211s] mismatched tag: line 27, column 2
[0.222s] [31mCMake Error at /opt/ros/humble/share/ament_cmake_core/cmake/core/ament_package_xml.cmake:95 (message):
[0.222s]   execute_process(/usr/bin/python3
[0.222s]   /opt/ros/humble/share/ament_cmake_core/cmake/core/package_xml_2_cmake.py
[0.222s]   /home/dung/ros_ws/src/my_robot_description/package.xml
[0.222s]   /home/dung/ros_ws/build/my_robot_description/ament_cmake_core/package.cmake)
[0.222s]   returned error code 1
[0.222s] Call Stack (most recent call first):
[0.222s]   /opt/ros/humble/share/ament_cmake_core/cmake/core/ament_package_xml.cmake:49 (_ament_package_xml)
[0.222s]   /opt/ros/humble/share/ament_cmake_core/cmake/core/ament_package.cmake:63 (ament_package_xml)
[0.222s]   CMakeLists.txt:17 (ament_package)
[0.222s] 
[0.222s] [0m
[0.224s] -- Configuring incomplete, errors occurred!
[0.224s] See also "/home/dung/ros_ws/build/my_robot_description/CMakeFiles/CMakeOutput.log".
[0.224s] gmake: *** [Makefile:226: cmake_check_build_system] Error 1
[0.229s] Invoked command in '/home/dung/ros_ws/build/my_robot_description' returned '2': /usr/bin/cmake --build /home/dung/ros_ws/build/my_robot_description -- -j6 -l6
